DEBUG:root:Add: 10 + 5 = 15
DEBUG:root:Subtract: 10 + 5 = 5
DEBUG:root:Multiply: 10 + 5 = 50
DEBUG:root:Divison: 10 + 5 = 2.0
INFO:root:Employee Created: Kushagra Gupta - Kushagra.Gupta@company.com
INFO:root:Employee Created: Jane Doe - Jane.Doe@company.com
INFO:root:Employee Created: Sam Williams - Sam.Williams@company.com
INFO:root:Employee Created: Kushagra Gupta - Kushagra.Gupta@company.com
INFO:root:Employee Created: Jane Doe - Jane.Doe@company.com
INFO:root:Employee Created: Sam Williams - Sam.Williams@company.com
INFO:root:Employee Created: Kushagr Gupta - Kushagr.Gupta@company.com
INFO:root:Employee Created: Jane Doe - Jane.Doe@company.com
INFO:root:Employee Created: Sam Williams - Sam.Williams@company.com
INFO:root:Employee Created: Kushagra Gupta - Kushagra.Gupta@company.com
INFO:root:Employee Created: Jane Doe - Jane.Doe@company.com
INFO:root:Employee Created: Sam Williams - Sam.Williams@company.com
INFO:root:Employee Created: Kushagra Gupta - Kushagra.Gupta@company.com
INFO:root:Employee Created: Jane Doe - Jane.Doe@company.com
INFO:root:Employee Created: Sam Williams - Sam.Williams@company.com
INFO:root:Employee Created: Kushagra Gupta - Kushagra.Gupta@company.com
INFO:root:Employee Created: Jane Doe - Jane.Doe@company.com
INFO:root:Employee Created: Sam Williams - Sam.Williams@company.com
DEBUG:root:Add: 10 + 5 = 15
DEBUG:root:Subtract: 10 + 5 = 5
DEBUG:root:Multiply: 10 + 5 = 50
DEBUG:root:Divison: 10 + 5 = 2.0
DEBUG:root:Add: 10 + 5 = 15
DEBUG:root:Subtract: 10 + 5 = 5
DEBUG:root:Multiply: 10 + 5 = 50
DEBUG:root:Divison: 10 + 5 = 2.0
ERROR:__main__:Tried to Divide by Zero
ERROR:__main__:Tried to Divide by Zero
Traceback (most recent call last):
  File "<ipython-input-17-7ea158d91863>", line 13, in divison
    result = x / y
ZeroDivisionError: division by zero
ERROR:__main__:Tried to Divide by Zero
Traceback (most recent call last):
  File "<ipython-input-17-7ea158d91863>", line 13, in divison
    result = x / y
ZeroDivisionError: division by zero
ERROR:__main__:Tried to Divide by Zero
Traceback (most recent call last):
  File "<ipython-input-25-7ea158d91863>", line 13, in divison
    result = x / y
ZeroDivisionError: division by zero
ERROR:__main__:Tried to Divide by Zero
Traceback (most recent call last):
  File "<ipython-input-25-7ea158d91863>", line 13, in divison
    result = x / y
ZeroDivisionError: division by zero
